<script setup lang="ts">
import { ref } from 'vue';
import { useVbenModal } from '@vben/common-ui';
import { Descriptions, DescriptionsItem, Tag } from 'ant-design-vue';
import { getTagDetail } from '#/api/demo/tag';
import type { TagItem } from '#/api/demo/tag/types';

/** 标签颜色池 */
const TAG_COLORS = ['green', 'red', 'blue', 'orange', 'cyan', 'purple', 'geekblue', 'magenta'];

type EnumValue = number | string;

function getEnumLabel(map: Record<EnumValue, string>, value: EnumValue | null | undefined) {
  if (value === null || value === undefined || value === '') {
    return '-';
  }
  return map[value] ?? String(value);
}

/** Status映射 */
const statusMap: Record<EnumValue, string> = {
  0: '禁用',
  1: '启用',
};

/** Status颜色 */
function getStatusColor(val: EnumValue | null | undefined): string {
  const keys: EnumValue[] = [0, 1];
  if (val === null || val === undefined || val === '') {
    return TAG_COLORS[0] ?? 'default';
  }
  const idx = keys.indexOf(val);
  return TAG_COLORS[idx >= 0 ? idx % TAG_COLORS.length : 0] ?? 'default';
}

const detail = ref<TagItem | null>(null);
const openToken = ref(0);

function displayValue(value: null | number | string | undefined) {
  if (value === null || value === undefined || value === '') {
    return '-';
  }
  return value;
}

const [Modal, modalApi] = useVbenModal({
  fullscreenButton: false,
  footer: false,
  async onOpenChange(isOpen: boolean) {
    if (!isOpen) {
      openToken.value += 1;
      detail.value = null;
      return;
    }

    const currentOpenToken = ++openToken.value;
    const data = modalApi.getData<{ id: string }>();
    if (data?.id) {
      modalApi.setState({ title: '标签详情' });
      try {
        const res = await getTagDetail(data.id);
        if (currentOpenToken !== openToken.value) {
          return;
        }
        detail.value = res;
      } catch {
        if (currentOpenToken === openToken.value) {
          detail.value = null;
        }
      }
    }
  },
});
</script>

<template>
  <Modal class="w-[600px]">
    <Descriptions v-if="detail" bordered :column="1" size="small">
      <DescriptionsItem label="ID">{{ detail.id }}</DescriptionsItem>
      <DescriptionsItem label="Name">{{ displayValue(detail.name) }}</DescriptionsItem>
      <DescriptionsItem label="Color">{{ displayValue(detail.color) }}</DescriptionsItem>
      <DescriptionsItem label="Sort">{{ displayValue(detail.sort) }}</DescriptionsItem>
      <DescriptionsItem label="Status">
        <Tag :color="getStatusColor(detail.status)">{{ getEnumLabel(statusMap, detail.status) }}</Tag>
      </DescriptionsItem>
      <DescriptionsItem label="租户">{{ detail.tenantName || '-' }}</DescriptionsItem>
      <DescriptionsItem label="商户">{{ detail.merchantName || '-' }}</DescriptionsItem>
      <DescriptionsItem label="创建时间">{{ displayValue(detail.createdAt) }}</DescriptionsItem>
      <DescriptionsItem label="更新时间">{{ displayValue(detail.updatedAt) }}</DescriptionsItem>
    </Descriptions>
  </Modal>
</template>
