<script setup lang="ts">
import { ref } from 'vue';
import { useVbenModal } from '@vben/common-ui';
import { useVbenForm } from '#/adapter/form';
import { message } from 'ant-design-vue';
import {
  getTagDetail,
  createTag,
  updateTag,
} from '#/api/demo/tag';
import type {
  TagCreateParams,
  TagUpdateParams
} from '#/api/demo/tag/types';
import { getTenantList } from '#/api/system/tenant';
import { getMerchantList } from '#/api/system/merchant';
const tenantIDOptions = ref<{ label: string; value: string | number }[]>([]);
const merchantIDOptions = ref<{ label: string; value: string | number }[]>([]);

const emit = defineEmits<{ success: [] }>();
const isEdit = ref(false);
const editId = ref('');
const openToken = ref(0);

/** 表单配置 */
const [Form, formApi] = useVbenForm({
  showDefaultActions: false,
  schema: [
    {
      component: 'Input',
      fieldName: 'name',
      label: 'Name',
      rules: 'required',
      componentProps: { placeholder: '请输入Name', maxlength: 50 },
    },
    {
      component: 'Input',
      fieldName: 'color',
      label: 'Color',
      componentProps: { placeholder: '请输入Color', maxlength: 20 },
    },
    {
      component: 'InputNumber',
      fieldName: 'sort',
      label: 'Sort',
      componentProps: { placeholder: '请输入Sort', class: 'w-full' },
    },
    {
      component: 'Switch',
      fieldName: 'status',
      label: 'Status',
      componentProps: { checkedValue: 1, unCheckedValue: 0 },
      defaultValue: 1,
    },
    {
      component: 'Select',
      fieldName: 'tenantID',
      label: '租户',
      componentProps: { options: [], placeholder: '请选择租户', allowClear: true, class: 'w-full' },
    },
    {
      component: 'Select',
      fieldName: 'merchantID',
      label: '商户',
      componentProps: { options: [], placeholder: '请选择商户', allowClear: true, class: 'w-full' },
    },
  ],
});

/** Modal 配置 */
const [Modal, modalApi] = useVbenModal({
  fullscreenButton: false,
  onCancel() {
    modalApi.close();
  },
  onConfirm: async () => {
    const values = await formApi.validateAndSubmitForm() as
      | TagCreateParams
      | undefined;
    if (!values) return;
    modalApi.lock();
    try {
      if (isEdit.value) {
        await updateTag({ id: editId.value, ...values } as TagUpdateParams);
        message.success('更新成功');
      } else {
        await createTag(values);
        message.success('创建成功');
      }
      emit('success');
      modalApi.close();
    } finally {
      modalApi.lock(false);
    }
  },
  async onOpenChange(isOpen: boolean) {
    if (!isOpen) {
      openToken.value += 1;
      return;
    }

    const currentOpenToken = ++openToken.value;
    formApi.resetForm();
    const data = modalApi.getData<{ id?: string }>();
    // 加载租户选项
    try {
      const tenantRes = await getTenantList({ pageNum: 1, pageSize: 1000 });
      if (currentOpenToken !== openToken.value) {
        return;
      }
      tenantIDOptions.value = (tenantRes?.list ?? []).map((item: any) => ({
        label: item.name || item.id,
        value: item.id,
      }));
      formApi.updateSchema([
        {
          fieldName: 'tenantID',
          componentProps: { options: tenantIDOptions.value },
        },
      ]);
    } catch {
      // ignore
    }
    // 加载商户选项
    try {
      const merchantRes = await getMerchantList({ pageNum: 1, pageSize: 1000 });
      if (currentOpenToken !== openToken.value) {
        return;
      }
      merchantIDOptions.value = (merchantRes?.list ?? []).map((item: any) => ({
        label: item.name || item.id,
        value: item.id,
      }));
      formApi.updateSchema([
        {
          fieldName: 'merchantID',
          componentProps: { options: merchantIDOptions.value },
        },
      ]);
    } catch {
      // ignore
    }
    if (currentOpenToken !== openToken.value) {
      return;
    }
    if (data?.id) {
      isEdit.value = true;
      editId.value = data.id;
      modalApi.setState({ title: '编辑标签' });
      try {
        const detail = await getTagDetail(data.id);
        if (currentOpenToken !== openToken.value) {
          return;
        }
        if (detail) {
          formApi.setValues(detail);
        }
      } catch {
        if (currentOpenToken === openToken.value) {
          message.error('获取详情失败');
        }
      }
    } else {
      isEdit.value = false;
      editId.value = '';
      modalApi.setState({ title: '新建标签' });
    }
  },
});
</script>

<template>
  <Modal class="w-[600px]">
    <Form />
  </Modal>
</template>
