<script setup lang="ts">
import { ref } from 'vue';
import { useVbenModal } from '@vben/common-ui';
import { Descriptions, DescriptionsItem, Tag } from 'ant-design-vue';
import { usePlatformSuperAdmin } from '#/utils/auth-scope';
import { getUserReviewDetail } from '#/api/demo/user_review';
import type { UserReviewItem } from '#/api/demo/user_review/types';
import RichText from '#/components/tinymce/index.vue';

/** 标签颜色池 */
const TAG_COLORS = ['green', 'red', 'blue', 'orange', 'cyan', 'purple', 'geekblue', 'magenta'];

type EnumValue = number | string;

function getEnumLabel(map: Record<EnumValue, string>, value: EnumValue | null | undefined) {
  if (value === null || value === undefined || value === '') {
    return '-';
  }
  return map[value] ?? String(value);
}

/** ReviewType映射 */
const reviewTypeMap: Record<EnumValue, string> = {
  1: '内容',
  2: '行为',
  3: '申诉',
};

/** ReviewType颜色 */
function getReviewTypeColor(val: EnumValue | null | undefined): string {
  const keys: EnumValue[] = [1, 2, 3];
  if (val === null || val === undefined || val === '') {
    return TAG_COLORS[0] ?? 'default';
  }
  const idx = keys.indexOf(val);
  return TAG_COLORS[idx >= 0 ? idx % TAG_COLORS.length : 0] ?? 'default';
}

/** IsPassed映射 */
const isPassedMap: Record<EnumValue, string> = {
  0: '否',
  1: '是',
};

/** IsPassed颜色 */
function getIsPassedColor(val: EnumValue | null | undefined): string {
  const keys: EnumValue[] = [0, 1];
  if (val === null || val === undefined || val === '') {
    return TAG_COLORS[0] ?? 'default';
  }
  const idx = keys.indexOf(val);
  return TAG_COLORS[idx >= 0 ? idx % TAG_COLORS.length : 0] ?? 'default';
}

/** Status映射 */
const statusMap: Record<EnumValue, string> = {
  0: '禁用',
  1: '启用',
};

/** Status颜色 */
function getStatusColor(val: EnumValue | null | undefined): string {
  const keys: EnumValue[] = [0, 1];
  if (val === null || val === undefined || val === '') {
    return TAG_COLORS[0] ?? 'default';
  }
  const idx = keys.indexOf(val);
  return TAG_COLORS[idx >= 0 ? idx % TAG_COLORS.length : 0] ?? 'default';
}

const isPlatformSuperAdmin = usePlatformSuperAdmin();
const detail = ref<UserReviewItem | null>(null);
const openToken = ref(0);

function displayValue(value: null | number | string | undefined) {
  if (value === null || value === undefined || value === '') {
    return '-';
  }
  return value;
}

const [Modal, modalApi] = useVbenModal({
  fullscreenButton: false,
  footer: false,
  async onOpenChange(isOpen: boolean) {
    if (!isOpen) {
      openToken.value += 1;
      detail.value = null;
      return;
    }

    const currentOpenToken = ++openToken.value;
    const data = modalApi.getData<{ id: string }>();
    if (data?.id) {
      modalApi.setState({ title: '用户审核详情' });
      try {
        const res = await getUserReviewDetail(data.id);
        if (currentOpenToken !== openToken.value) {
          return;
        }
        detail.value = res;
      } catch {
        if (currentOpenToken === openToken.value) {
          detail.value = null;
        }
      }
    }
  },
});
</script>

<template>
  <Modal class="w-[800px]">
    <Descriptions v-if="detail" bordered :column="1" size="small">
      <DescriptionsItem label="ID">{{ detail.id }}</DescriptionsItem>
      <DescriptionsItem label="UserID">{{ detail.usersUsername || '-' }}</DescriptionsItem>
      <DescriptionsItem label="ReviewType">
        <Tag :color="getReviewTypeColor(detail.reviewType)">{{ getEnumLabel(reviewTypeMap, detail.reviewType) }}</Tag>
      </DescriptionsItem>
      <DescriptionsItem label="Content">
        <RichText v-if="detail.content" :value="detail.content" disabled :height="260" />
        <span v-else>-</span>
      </DescriptionsItem>
      <DescriptionsItem label="Score">{{ displayValue(detail.score) }}</DescriptionsItem>
      <DescriptionsItem label="IsPassed">
        <Tag :color="getIsPassedColor(detail.isPassed)">{{ getEnumLabel(isPassedMap, detail.isPassed) }}</Tag>
      </DescriptionsItem>
      <DescriptionsItem label="Sort">{{ displayValue(detail.sort) }}</DescriptionsItem>
      <DescriptionsItem label="Status">
        <Tag :color="getStatusColor(detail.status)">{{ getEnumLabel(statusMap, detail.status) }}</Tag>
      </DescriptionsItem>
      <DescriptionsItem v-if="isPlatformSuperAdmin" label="租户">{{ detail.tenantName || '-' }}</DescriptionsItem>
      <DescriptionsItem v-if="isPlatformSuperAdmin" label="商户">{{ detail.merchantName || '-' }}</DescriptionsItem>
      <DescriptionsItem label="创建时间">{{ displayValue(detail.createdAt) }}</DescriptionsItem>
      <DescriptionsItem label="更新时间">{{ displayValue(detail.updatedAt) }}</DescriptionsItem>
    </Descriptions>
  </Modal>
</template>
